Stack is not empty at end of execution:
[1,2,3,4,5]
